// Jest Snapshot v1, https://goo.gl/fbAQLP

exports[`Utils renderNewsletter should render a newsletter 1`] = `
"# January's Newsletter

## 📢 Announcements and Updates

<!--- @TODO: Manual addition --->

## 📚 Great articles

<!--- @TODO: Manual addition --->

## 🗓 Last Meetings

<!--- @TODO: Manual addition --->

## ♥️ New Faces

<!--- Automated --->

## 📦 New Releases

<!--- Automated --->

## Rankings

### Top 10 Stars

<!--- Automated --->
<!--- Table and total stars --->


### Top 10 Downloads

<!--- Automated --->
<!--- Table and total downloads --->


## 📊 Health report

<!--- Automated --->

### Activity

<!--- Automated --->

### Community

<!--- Automated --->

### Performance

<!--- Automated --->

### Security

<!--- Automated --->


"
`;
